Start-Date: 2025-03-05  08:41:14
Commandline: apt-get install -qqy grub-pc shim-signed
Install: mokutil:amd64 (0.6.0-2build3, automatic), grub-efi-amd64-signed:amd64 (1.202.2+2.12-1ubuntu7.1, automatic), grub-efi-amd64-bin:amd64 (2.12-1ubuntu7.1, automatic), efibootmgr:amd64 (18-1build2, automatic), shim-signed:amd64 (1.58+15.8-0ubuntu1)
End-Date: 2025-03-05  08:41:16

Start-Date: 2025-03-05  08:43:39
Commandline: apt-get remove --purge --assume-yes ^linux-.* linux-base+
Purge: linux-tools-common:amd64 (6.8.0-55.57), linux-virtual:amd64 (6.8.0-55.57), linux-headers-generic:amd64 (6.8.0-55.57), linux-modules-6.8.0-55-generic:amd64 (6.8.0-55.57), linux-image-6.8.0-55-generic:amd64 (6.8.0-55.57), linux-headers-6.8.0-55-generic:amd64 (6.8.0-55.57), linux-image-virtual:amd64 (6.8.0-55.57), linux-tools-6.8.0-55:amd64 (6.8.0-55.57), linux-tools-6.8.0-55-generic:amd64 (6.8.0-55.57), linux-headers-6.8.0-55:amd64 (6.8.0-55.57), linux-headers-virtual:amd64 (6.8.0-55.57), libc6-dev:amd64 (2.39-0ubuntu8.4), linux-libc-dev:amd64 (6.8.0-55.57)
End-Date: 2025-03-05  08:43:42

Start-Date: 2025-03-05  08:43:47
Commandline: apt-get install --assume-yes linux-aws
Install: linux-image-aws:amd64 (6.8.0-1024.26, automatic), linux-tools-common:amd64 (6.8.0-55.57, automatic), linux-tools-6.8.0-1024-aws:amd64 (6.8.0-1024.26, automatic), iucode-tool:amd64 (2.3.1-3build1, automatic), linux-modules-6.8.0-1024-aws:amd64 (6.8.0-1024.26, automatic), linux-headers-aws:amd64 (6.8.0-1024.26, automatic), microcode-initrd:amd64 (3build1, automatic), linux-aws-headers-6.8.0-1024:amd64 (6.8.0-1024.26, automatic), linux-aws:amd64 (6.8.0-1024.26), linux-headers-6.8.0-1024-aws:amd64 (6.8.0-1024.26, automatic), linux-aws-tools-6.8.0-1024:amd64 (6.8.0-1024.26, automatic), amd64-microcode:amd64 (3.20231019.1ubuntu2.1, automatic), linux-image-6.8.0-1024-aws:amd64 (6.8.0-1024.26, automatic), intel-microcode:amd64 (3.20250211.0ubuntu0.24.04.1, automatic)
End-Date: 2025-03-05  08:44:01

Start-Date: 2025-03-05  08:44:04
Commandline: apt-get autoremove --purge --assume-yes
Purge: manpages-dev:amd64 (6.7-2), libsharpyuv0:amd64 (1.3.2-0.4build3), libaom3:amd64 (3.8.2-2ubuntu0.1), libjpeg-turbo8:amd64 (2.1.5-2ubuntu2), libheif1:amd64 (1.17.6-1ubuntu4.1), libheif-plugin-libde265:amd64 (1.17.6-1ubuntu4.1), libdeflate0:amd64 (1.19-1build1.1), libjpeg8:amd64 (8c-2ubuntu11), libtiff6:amd64 (4.5.1+git230720-4ubuntu2.2), liblerc4:amd64 (4.0.0+ds-4ubuntu2), libxpm4:amd64 (1:3.5.17-1build2), libfontconfig1:amd64 (2.15.0-1.1ubuntu2), libheif-plugin-aomdec:amd64 (1.17.6-1ubuntu4.1), libheif-plugin-aomenc:amd64 (1.17.6-1ubuntu4.1), fontconfig-config:amd64 (2.15.0-1.1ubuntu2), rpcsvc-proto:amd64 (1.4.2-0ubuntu7), libwebp7:amd64 (1.3.2-0.4build3), fonts-dejavu-mono:amd64 (2.37-8), libcrypt-dev:amd64 (1:4.4.36-4build1), libjbig0:amd64 (2.1-6.1ubuntu2), libc-dev-bin:amd64 (2.39-0ubuntu8.4), libc-devtools:amd64 (2.39-0ubuntu8.4), fonts-dejavu-core:amd64 (2.37-8), libgd3:amd64 (2.3.3-9ubuntu5), libde265-0:amd64 (1.0.15-1build3)
End-Date: 2025-03-05  08:44:07

Start-Date: 2025-03-05  08:44:09
Commandline: apt-get install --assume-yes ec2-instance-connect
Install: ec2-instance-connect:amd64 (1.1.17-0ubuntu1)
End-Date: 2025-03-05  08:44:09

Start-Date: 2025-03-05  08:44:12
Commandline: apt-get install --assume-yes ec2-hibinit-agent hibagent
Install: hibagent:amd64 (1.0.1+git20230216.9ac1209f7-0ubuntu3), acpid:amd64 (1:2.0.34-1ubuntu2, automatic), ec2-hibinit-agent:amd64 (1.0.0-0ubuntu16.24.04.1)
End-Date: 2025-03-05  08:44:13

Start-Date: 2025-03-05  08:44:16
Commandline: apt-get install --assume-yes chrony
Install: chrony:amd64 (4.5-1ubuntu4.2), tzdata-legacy:amd64 (2024b-0ubuntu0.24.04.1, automatic)
Remove: systemd-timesyncd:amd64 (255.4-1ubuntu8.5)
End-Date: 2025-03-05  08:44:18

Start-Date: 2025-03-05  08:44:22
Commandline: apt-get purge --assume-yes ?config-files
Purge: systemd-timesyncd:amd64 ()
End-Date: 2025-03-05  08:44:22

Start-Date: 2025-03-05  08:44:53
Commandline: apt-get -y install irqbalance
Install: irqbalance:amd64 (1.9.3-2ubuntu5)
End-Date: 2025-03-05  08:44:54

Start-Date: 2025-04-08  10:29:49
Commandline: apt install pip
Requested-By: ubuntu (1000)
Install: libgcc-13-dev:amd64 (13.3.0-6ubuntu2~24.04, automatic), libstdc++-13-dev:amd64 (13.3.0-6ubuntu2~24.04, automatic), libalgorithm-merge-perl:amd64 (0.08-5, automatic), libgomp1:amd64 (14.2.0-4ubuntu2~24.04, automatic), manpages-dev:amd64 (6.7-2, automatic), libsharpyuv0:amd64 (1.3.2-0.4build3, automatic), g++-13:amd64 (13.3.0-6ubuntu2~24.04, automatic), gcc-13:amd64 (13.3.0-6ubuntu2~24.04, automatic), build-essential:amd64 (12.10ubuntu1, automatic), libctf-nobfd0:amd64 (2.42-4ubuntu2.5, automatic), gcc-x86-64-linux-gnu:amd64 (4:13.2.0-7ubuntu1, automatic), libtsan2:amd64 (14.2.0-4ubuntu2~24.04, automatic), cpp:amd64 (4:13.2.0-7ubuntu1, automatic), libpython3-dev:amd64 (3.12.3-0ubuntu2, automatic), g++:amd64 (4:13.2.0-7ubuntu1, automatic), gcc:amd64 (4:13.2.0-7ubuntu1, automatic), libaom3:amd64 (3.8.2-2ubuntu0.1, automatic), libjpeg-turbo8:amd64 (2.1.5-2ubuntu2, automatic), libheif1:amd64 (1.17.6-1ubuntu4.1, automatic), libhwasan0:amd64 (14.2.0-4ubuntu2~24.04, automatic), libalgorithm-diff-perl:amd64 (1.201-1, automatic), libheif-plugin-libde265:amd64 (1.17.6-1ubuntu4.1, automatic), libbinutils:amd64 (2.42-4ubuntu2.5, automatic), libfakeroot:amd64 (1.33-1, automatic), cpp-x86-64-linux-gnu:amd64 (4:13.2.0-7ubuntu1, automatic), libdeflate0:amd64 (1.19-1build1.1, automatic), libjpeg8:amd64 (8c-2ubuntu11, automatic), libtiff6:amd64 (4.5.1+git230720-4ubuntu2.2, automatic), binutils-x86-64-linux-gnu:amd64 (2.42-4ubuntu2.5, automatic), bzip2:amd64 (1.0.8-5.1build0.1, automatic), g++-x86-64-linux-gnu:amd64 (4:13.2.0-7ubuntu1, automatic), libcc1-0:amd64 (14.2.0-4ubuntu2~24.04, automatic), zlib1g-dev:amd64 (1:1.3.dfsg-3.1ubuntu2.1, automatic), cpp-13-x86-64-linux-gnu:amd64 (13.3.0-6ubuntu2~24.04, automatic), liblerc4:amd64 (4.0.0+ds-4ubuntu2, automatic), libmpc3:amd64 (1.3.1-1build1.1, automatic), libxpm4:amd64 (1:3.5.17-1build2, automatic), libfontconfig1:amd64 (2.15.0-1.1ubuntu2, automatic), python3-wheel:amd64 (0.42.0-2, automatic), libheif-plugin-aomdec:amd64 (1.17.6-1ubuntu4.1, automatic), libheif-plugin-aomenc:amd64 (1.17.6-1ubuntu4.1, automatic), fontconfig-config:amd64 (2.15.0-1.1ubuntu2, automatic), libfile-fcntllock-perl:amd64 (0.22-4ubuntu5, automatic), dpkg-dev:amd64 (1.22.6ubuntu6.1, automatic), libasan8:amd64 (14.2.0-4ubuntu2~24.04, automatic), rpcsvc-proto:amd64 (1.4.2-0ubuntu7, automatic), make:amd64 (4.3-4.1build2, automatic), libctf0:amd64 (2.42-4ubuntu2.5, automatic), lto-disabled-list:amd64 (47, automatic), python3-dev:amd64 (3.12.3-0ubuntu2, automatic), libwebp7:amd64 (1.3.2-0.4build3, automatic), fonts-dejavu-mono:amd64 (2.37-8, automatic), libcrypt-dev:amd64 (1:4.4.36-4build1, automatic), cpp-13:amd64 (13.3.0-6ubuntu2~24.04, automatic), binutils-common:amd64 (2.42-4ubuntu2.5, automatic), libitm1:amd64 (14.2.0-4ubuntu2~24.04, automatic), python3-pip:amd64 (24.0+dfsg-1ubuntu1.1), libdpkg-perl:amd64 (1.22.6ubuntu6.1, automatic), libjbig0:amd64 (2.1-6.1ubuntu2, automatic), libc-dev-bin:amd64 (2.39-0ubuntu8.4, automatic), libpython3.12-dev:amd64 (3.12.3-1ubuntu0.5, automatic), libsframe1:amd64 (2.42-4ubuntu2.5, automatic), g++-13-x86-64-linux-gnu:amd64 (13.3.0-6ubuntu2~24.04, automatic), libc-devtools:amd64 (2.39-0ubuntu8.4, automatic), python3.12-dev:amd64 (3.12.3-1ubuntu0.5, automatic), libgprofng0:amd64 (2.42-4ubuntu2.5, automatic), libisl23:amd64 (0.26-3build1.1, automatic), libc6-dev:amd64 (2.39-0ubuntu8.4, automatic), libjs-jquery:amd64 (3.6.1+dfsg+~3.5.14-1, automatic), libquadmath0:amd64 (14.2.0-4ubuntu2~24.04, automatic), fonts-dejavu-core:amd64 (2.37-8, automatic), libexpat1-dev:amd64 (2.6.1-2ubuntu0.2, automatic), libubsan1:amd64 (14.2.0-4ubuntu2~24.04, automatic), liblsan0:amd64 (14.2.0-4ubuntu2~24.04, automatic), libalgorithm-diff-xs-perl:amd64 (0.04-8build3, automatic), libgd3:amd64 (2.3.3-9ubuntu5, automatic), libjs-sphinxdoc:amd64 (7.2.6-6, automatic), javascript-common:amd64 (11+nmu1, automatic), gcc-13-x86-64-linux-gnu:amd64 (13.3.0-6ubuntu2~24.04, automatic), libde265-0:amd64 (1.0.15-1build3, automatic), libjs-underscore:amd64 (1.13.4~dfsg+~1.11.4-3, automatic), gcc-13-base:amd64 (13.3.0-6ubuntu2~24.04, automatic), binutils:amd64 (2.42-4ubuntu2.5, automatic), fakeroot:amd64 (1.33-1, automatic), libatomic1:amd64 (14.2.0-4ubuntu2~24.04, automatic), linux-libc-dev:amd64 (6.8.0-57.59, automatic)
Upgrade: linux-tools-common:amd64 (6.8.0-55.57, 6.8.0-57.59)
End-Date: 2025-04-08  10:30:06

Start-Date: 2025-04-08  10:33:19
Commandline: apt install ansible
Requested-By: ubuntu (1000)
Install: sshpass:amd64 (1.09-1, automatic), python3-resolvelib:amd64 (1.0.1-1, automatic), ansible:amd64 (11.4.0-1ppa~noble), python3-xmltodict:amd64 (0.13.0-1, automatic), python3-ntlm-auth:amd64 (1.5.0-1, automatic), python3-winrm:amd64 (0.4.3-2, automatic), ansible-core:amd64 (2.18.4-1ppa~noble, automatic), python3-nacl:amd64 (1.5.0-4build1, automatic), python3-kerberos:amd64 (1.1.14-3.1build9, automatic), python3-requests-ntlm:amd64 (1.1.0-3, automatic), python3-paramiko:amd64 (2.12.0-2ubuntu4.1, automatic)
End-Date: 2025-04-08  10:34:06

Start-Date: 2025-04-09  14:41:18
Commandline: /usr/bin/unattended-upgrade
Upgrade: gpg:amd64 (2.4.4-2ubuntu17, 2.4.4-2ubuntu17.2), keyboxd:amd64 (2.4.4-2ubuntu17, 2.4.4-2ubuntu17.2), gnupg:amd64 (2.4.4-2ubuntu17, 2.4.4-2ubuntu17.2), gpg-agent:amd64 (2.4.4-2ubuntu17, 2.4.4-2ubuntu17.2), gpgv:amd64 (2.4.4-2ubuntu17, 2.4.4-2ubuntu17.2), gpgsm:amd64 (2.4.4-2ubuntu17, 2.4.4-2ubuntu17.2), dirmngr:amd64 (2.4.4-2ubuntu17, 2.4.4-2ubuntu17.2), gnupg-utils:amd64 (2.4.4-2ubuntu17, 2.4.4-2ubuntu17.2), gnupg-l10n:amd64 (2.4.4-2ubuntu17, 2.4.4-2ubuntu17.2), gpg-wks-client:amd64 (2.4.4-2ubuntu17, 2.4.4-2ubuntu17.2), gpgconf:amd64 (2.4.4-2ubuntu17, 2.4.4-2ubuntu17.2)
End-Date: 2025-04-09  14:41:24

Start-Date: 2025-04-09  14:41:27
Commandline: /usr/bin/unattended-upgrade
Upgrade: python3-jinja2:amd64 (3.1.2-1ubuntu1.2, 3.1.2-1ubuntu1.3)
End-Date: 2025-04-09  14:41:28

Start-Date: 2025-04-09  14:41:30
Commandline: /usr/bin/unattended-upgrade
Upgrade: libxslt1.1:amd64 (1.1.39-0exp1build1, 1.1.39-0exp1ubuntu0.24.04.2)
End-Date: 2025-04-09  14:41:31

Start-Date: 2025-04-09  14:41:33
Commandline: /usr/bin/unattended-upgrade
Upgrade: libdw1t64:amd64 (0.190-1.1build4.1, 0.190-1.1ubuntu0.1), libelf1t64:amd64 (0.190-1.1build4.1, 0.190-1.1ubuntu0.1)
End-Date: 2025-04-09  14:41:34

Start-Date: 2025-04-09  14:41:36
Commandline: /usr/bin/unattended-upgrade
Upgrade: tzdata:amd64 (2024b-0ubuntu0.24.04.1, 2025b-0ubuntu0.24.04), tzdata-legacy:amd64 (2024b-0ubuntu0.24.04.1, 2025b-0ubuntu0.24.04)
End-Date: 2025-04-09  14:41:37

Start-Date: 2025-04-09  14:41:40
Commandline: /usr/bin/unattended-upgrade
Upgrade: vim:amd64 (2:9.1.0016-1ubuntu7.6, 2:9.1.0016-1ubuntu7.8), xxd:amd64 (2:9.1.0016-1ubuntu7.6, 2:9.1.0016-1ubuntu7.8), vim-common:amd64 (2:9.1.0016-1ubuntu7.6, 2:9.1.0016-1ubuntu7.8), vim-tiny:amd64 (2:9.1.0016-1ubuntu7.6, 2:9.1.0016-1ubuntu7.8), vim-runtime:amd64 (2:9.1.0016-1ubuntu7.6, 2:9.1.0016-1ubuntu7.8)
End-Date: 2025-04-09  14:41:43

Start-Date: 2025-04-09  14:41:46
Commandline: /usr/bin/unattended-upgrade
Install: linux-tools-6.8.0-1026-aws:amd64 (6.8.0-1026.28, automatic), linux-modules-6.8.0-1026-aws:amd64 (6.8.0-1026.28, automatic), linux-aws-headers-6.8.0-1026:amd64 (6.8.0-1026.28, automatic), linux-headers-6.8.0-1026-aws:amd64 (6.8.0-1026.28, automatic), linux-aws-tools-6.8.0-1026:amd64 (6.8.0-1026.28, automatic), linux-image-6.8.0-1026-aws:amd64 (6.8.0-1026.28, automatic)
Upgrade: linux-image-aws:amd64 (6.8.0-1024.26, 6.8.0-1026.28), linux-headers-aws:amd64 (6.8.0-1024.26, 6.8.0-1026.28), linux-aws:amd64 (6.8.0-1024.26, 6.8.0-1026.28)
End-Date: 2025-04-09  14:41:59

Start-Date: 2025-04-09  14:42:02
Commandline: /usr/bin/unattended-upgrade
Upgrade: liblzma5:amd64 (5.6.1+really5.4.5-1build0.1, 5.6.1+really5.4.5-1ubuntu0.2), xz-utils:amd64 (5.6.1+really5.4.5-1build0.1, 5.6.1+really5.4.5-1ubuntu0.2)
End-Date: 2025-04-09  14:42:04

Start-Date: 2025-04-11  08:30:34
Commandline: apt install acl
Requested-By: ubuntu (1000)
Install: acl:amd64 (2.3.2-1build1.1)
End-Date: 2025-04-11  08:30:36

Start-Date: 2025-04-14  15:52:41
Commandline: /usr/bin/unattended-upgrade
Upgrade: libexpat1:amd64 (2.6.1-2ubuntu0.2, 2.6.1-2ubuntu0.3), libexpat1-dev:amd64 (2.6.1-2ubuntu0.2, 2.6.1-2ubuntu0.3)
End-Date: 2025-04-14  15:52:42

Start-Date: 2025-04-15  12:18:09
Commandline: /usr/bin/unattended-upgrade
Upgrade: perl:amd64 (5.38.2-3.2build2.1, 5.38.2-3.2ubuntu0.1), perl-base:amd64 (5.38.2-3.2build2.1, 5.38.2-3.2ubuntu0.1), perl-modules-5.38:amd64 (5.38.2-3.2build2.1, 5.38.2-3.2ubuntu0.1), libperl5.38t64:amd64 (5.38.2-3.2build2.1, 5.38.2-3.2ubuntu0.1)
End-Date: 2025-04-15  12:18:12

Start-Date: 2025-04-22  06:37:07
Commandline: apt install mailcap
Requested-By: ubuntu (1000)
Install: mailcap:amd64 (3.70+nmu1ubuntu1)
End-Date: 2025-04-22  06:37:11

Start-Date: 2025-04-22  16:52:54
Commandline: apt install rename
Install: rename:amd64 (2.02-1)
End-Date: 2025-04-22  16:52:57

Start-Date: 2025-04-23  12:10:39
Commandline: apt install gedit
Install: fontconfig:amd64 (2.15.0-1.1ubuntu2, automatic), libvulkan1:amd64 (1.3.275.0-1build1, automatic), libgedit-gtksourceview-300-0:amd64 (299.0.4-3build1, automatic), libxcb-present0:amd64 (1.15-1ubuntu2, automatic), libv4lconvert0t64:amd64 (1.26.1-4build3, automatic), libpulse0:amd64 (1:16.1+dfsg1-2ubuntu10.1, automatic), libwebpmux3:amd64 (1.3.2-0.4build3, automatic), libvpx9:amd64 (1.14.0-1ubuntu2.1, automatic), libxxf86vm1:amd64 (1:1.1.4-1build4, automatic), libsecret-1-0:amd64 (0.21.4-1build3, automatic), libgl1-amber-dri:amd64 (21.3.9-0ubuntu2, automatic), libgdk-pixbuf2.0-bin:amd64 (2.42.10+dfsg-3ubuntu3.1, automatic), libglx-mesa0:amd64 (24.2.8-1ubuntu1~24.04.1, automatic), libtwolame0:amd64 (0.4.0-2build3, automatic), libdatrie1:amd64 (0.2.13-3build1, automatic), libthai0:amd64 (0.1.29-2build1, automatic), bubblewrap:amd64 (0.9.0-1ubuntu0.1, automatic), libxrender1:amd64 (1:0.9.10-1.1build1, automatic), gir1.2-tepl-6:amd64 (6.8.0-2build4, automatic), libglvnd0:amd64 (1.7.0-1build1, automatic), libproxy1v5:amd64 (0.5.4-4build1, automatic), libgtk-4-common:amd64 (4.14.2+ds-1ubuntu2, automatic), hicolor-icon-theme:amd64 (0.17-2, automatic), libx11-xcb1:amd64 (2:1.8.7-1build1, automatic), libxshmfence1:amd64 (1.3-1build5, automatic), libpango-1.0-0:amd64 (1.52.1+ds-1build1, automatic), libtepl-common:amd64 (6.8.0-2build4, automatic), libwavpack1:amd64 (5.6.0-1build1, automatic), gstreamer1.0-gl:amd64 (1.24.2-1ubuntu0.2, automatic), libpipewire-0.3-common:amd64 (1.0.5-1ubuntu3, automatic), gir1.2-freedesktop:amd64 (1.80.1-1, automatic), libwayland-cursor0:amd64 (1.22.0-2.1build1, automatic), gir1.2-amtk-5:amd64 (5.8.0-4build2, automatic), libpeas-common:amd64 (1.36.0-3build4, automatic), yelp-xsl:amd64 (42.1-2, automatic), libgspell-1-common:amd64 (1.12.2-1build4, automatic), libv4l-0t64:amd64 (1.26.1-4build3, automatic), libavahi-common-data:amd64 (0.8-13ubuntu6, automatic), libcolord2:amd64 (1.4.7-1build2, automatic), libxcb-dri2-0:amd64 (1.15-1ubuntu2, automatic), libxcb-dri3-0:amd64 (1.15-1ubuntu2, automatic), libcairo2:amd64 (1.18.0-3build1, automatic), libgbm1:amd64 (24.2.8-1ubuntu1~24.04.1, automatic), libpciaccess0:amd64 (0.17-3build1, automatic), libxcursor1:amd64 (1:1.2.1-1build1, automatic), gir1.2-gdkpixbuf-2.0:amd64 (2.42.10+dfsg-3ubuntu3.1, automatic), xdg-desktop-portal-gtk:amd64 (1.15.1-1build2, automatic), gir1.2-gtksource-300:amd64 (299.0.4-3build1, automatic), libdv4t64:amd64 (1.0.0-17.1build1, automatic), at-spi2-core:amd64 (2.52.0-1build1, automatic), x11-common:amd64 (1:7.7+23ubuntu3, automatic), libiec61883-0:amd64 (1.2.0-6build1, automatic), alsa-ucm-conf:amd64 (1.2.10-1ubuntu5.4, automatic), libwayland-server0:amd64 (1.22.0-2.1build1, automatic), libglx0:amd64 (1.7.0-1build1, automatic), libcaca0:amd64 (0.99.beta20-4build2, automatic), mesa-libgallium:amd64 (24.2.8-1ubuntu1~24.04.1, automatic), libraw1394-11:amd64 (2.1.2-2build3, automatic), libmanette-0.2-0:amd64 (0.2.7-1build2, automatic), adwaita-icon-theme:amd64 (46.0-1, automatic), libwebpdemux2:amd64 (1.3.2-0.4build3, automatic), libjavascriptcoregtk-4.1-0:amd64 (2.48.1-0ubuntu0.24.04.1, automatic), libdrm-nouveau2:amd64 (2.4.122-1~ubuntu0.24.04.1, automatic), libpixman-1-0:amd64 (0.42.2-1build1, automatic), libtag1v5:amd64 (1.13.1-1build1, automatic), libshout3:amd64 (2.4.6-1build2, automatic), emacsen-common:amd64 (3.0.5, automatic), libgstreamer-gl1.0-0:amd64 (1.24.2-1ubuntu0.2, automatic), libllvm19:amd64 (1:19.1.1-1ubuntu1~24.04.2, automatic), librsvg2-common:amd64 (2.58.0+dfsg-1build1, automatic), libxcomposite1:amd64 (1:0.4.5-1build3, automatic), libgspell-1-2:amd64 (1.12.2-1build4, automatic), libxft2:amd64 (2.3.6-1build1, automatic), libxdamage1:amd64 (1:1.1.6-1build1, automatic), libgdk-pixbuf-2.0-0:amd64 (2.42.10+dfsg-3ubuntu3.1, automatic), gedit-common:amd64 (46.2-2, automatic), libcairo-gobject2:amd64 (1.18.0-3build1, automatic), ubuntu-mono:amd64 (24.04-0ubuntu1, automatic), gir1.2-gtk-3.0:amd64 (3.24.41-4ubuntu1.3, automatic), humanity-icon-theme:amd64 (0.6.16, automatic), libgraphite2-3:amd64 (1.3.14-2build1, automatic), libdconf1:amd64 (0.40.0-4build2, automatic), libhunspell-1.7-0:amd64 (1.7.2+really1.7.2-10build3, automatic), libcups2t64:amd64 (2.4.7-1.2ubuntu7.3, automatic), libatspi2.0-0t64:amd64 (2.52.0-1build1, automatic), glib-networking-common:amd64 (2.80.0-1build1, automatic), libgles2:amd64 (1.7.0-1build1, automatic), libgl1-mesa-dri:amd64 (24.2.8-1ubuntu1~24.04.1, automatic), libcairo-script-interpreter2:amd64 (1.18.0-3build1, automatic), libasound2t64:amd64 (1.2.11-1build2, automatic), libxrandr2:amd64 (2:1.5.2-2build1, automatic), libmp3lame0:amd64 (3.100-6build1, automatic), libsoup-3.0-0:amd64 (3.4.4-5ubuntu0.2, automatic), libgstreamer-plugins-good1.0-0:amd64 (1.24.2-1ubuntu1.1, automatic), libavc1394-0:amd64 (0.5.4-5build3, automatic), libwoff1:amd64 (1.0.2-2build1, automatic), libaspell15:amd64 (0.60.8.1-1build1, automatic), docbook-xml:amd64 (4.5-12, automatic), libopus0:amd64 (1.4-1build1, automatic), libpangocairo-1.0-0:amd64 (1.52.1+ds-1build1, automatic), gstreamer1.0-x:amd64 (1.24.2-1ubuntu0.2, automatic), libxtst6:amd64 (2:1.2.3-1.1build1, automatic), glib-networking-services:amd64 (2.80.0-1build1, automatic), libgedit-amtk-5-common:amd64 (5.8.0-4build2, automatic), gir1.2-peas-1.0:amd64 (1.36.0-3build4, automatic), libharfbuzz-icu0:amd64 (8.3.0-2build2, automatic), libxcb-render0:amd64 (1.15-1ubuntu2, automatic), sgml-data:amd64 (2.0.11+nmu1, automatic), libvisual-0.4-0:amd64 (0.4.2-2build1, automatic), python3-cairo:amd64 (1.25.1-2build2, automatic), hunspell-en-us:amd64 (1:2020.12.07-2, automatic), dictionaries-common:amd64 (1.29.7, automatic), gsettings-desktop-schemas:amd64 (46.1-0ubuntu1, automatic), libtepl-6-4:amd64 (6.8.0-2build4, automatic), gstreamer1.0-plugins-good:amd64 (1.24.2-1ubuntu1.1, automatic), libwebrtc-audio-processing1:amd64 (0.3.1-0ubuntu6, automatic), gstreamer1.0-plugins-base:amd64 (1.24.2-1ubuntu0.2, automatic), mesa-vulkan-drivers:amd64 (24.2.8-1ubuntu1~24.04.1, automatic), libvorbisenc2:amd64 (1.3.7-1build3, automatic), libasyncns0:amd64 (0.8-6build4, automatic), libpangoft2-1.0-0:amd64 (1.52.1+ds-1build1, automatic), libtheora0:amd64 (1.1.1+dfsg.1-16.1build3, automatic), zenity-common:amd64 (4.0.1-1build3, automatic), libsndfile1:amd64 (1.2.2-1ubuntu5.24.04.1, automatic), gedit:amd64 (46.2-2), enchant-2:amd64 (2.3.3-2build2, automatic), zenity:amd64 (4.0.1-1build3, automatic), liborc-0.4-0t64:amd64 (1:0.4.38-1ubuntu0.1, automatic), libatk1.0-0t64:amd64 (2.52.0-1build1, automatic), libspeex1:amd64 (1.2.1-2ubuntu2.24.04.1, automatic), libasound2-data:amd64 (1.2.11-1build2, automatic), libwebkit2gtk-4.1-0:amd64 (2.48.1-0ubuntu0.24.04.1, automatic), libflac12t64:amd64 (1.4.3+ds-2.1ubuntu2, automatic), libthai-data:amd64 (0.1.29-2build1, automatic), libavahi-common3:amd64 (0.8-13ubuntu6, automatic), gir1.2-atk-1.0:amd64 (2.52.0-1build1, automatic), alsa-topology-conf:amd64 (1.2.5.1-2, automatic), librsvg2-2:amd64 (2.58.0+dfsg-1build1, automatic), libxcb-glx0:amd64 (1.15-1ubuntu2, automatic), libogg0:amd64 (1.3.5-3build1, automatic), libxinerama1:amd64 (2:1.1.4-3build1, automatic), gir1.2-pango-1.0:amd64 (1.52.1+ds-1build1, automatic), libwayland-egl1:amd64 (1.22.0-2.1build1, automatic), libcdparanoia0:amd64 (3.10.2+debian-14build3, automatic), libglapi-mesa:amd64 (24.2.8-1ubuntu1~24.04.1, automatic), libvorbis0a:amd64 (1.3.7-1build3, automatic), libspa-0.2-modules:amd64 (1.0.5-1ubuntu3, automatic), libdrm-amdgpu1:amd64 (2.4.122-1~ubuntu0.24.04.1, automatic), libgtk-4-1:amd64 (4.14.2+ds-1ubuntu2, automatic), dconf-gsettings-backend:amd64 (0.40.0-4build2, automatic), libdrm-radeon1:amd64 (2.4.122-1~ubuntu0.24.04.1, automatic), libgedit-gtksourceview-300-common:amd64 (299.0.4-3build1, automatic), libyelp0:amd64 (42.2-1build2, automatic), libxcb-randr0:amd64 (1.15-1ubuntu2, automatic), libadwaita-1-0:amd64 (1.5.0-1ubuntu2, automatic), yelp:amd64 (42.2-1build2, automatic), libharfbuzz-gobject0:amd64 (8.3.0-2build2, automatic), libpipewire-0.3-0t64:amd64 (1.0.5-1ubuntu3, automatic), gtk-update-icon-cache:amd64 (3.24.41-4ubuntu1.3, automatic), libhyphen0:amd64 (2.8.8-7build3, automatic), libsoup-3.0-common:amd64 (3.4.4-5ubuntu0.2, automatic), libgtk-3-common:amd64 (3.24.41-4ubuntu1.3, automatic), libgedit-amtk-5-0:amd64 (5.8.0-4build2, automatic), libpeas-1.0-0:amd64 (1.36.0-3build4, automatic), libharfbuzz0b:amd64 (8.3.0-2build2, automatic), libsecret-common:amd64 (0.21.4-1build3, automatic), libgtk-3-bin:amd64 (3.24.41-4ubuntu1.3, automatic), libhandy-1-0:amd64 (1.8.3-1build2, automatic), libaa1:amd64 (1.4p5-51.1, automatic), libmpg123-0t64:amd64 (1.32.5-1ubuntu1.1, automatic), aspell-en:amd64 (2020.12.07-0-1, automatic), libegl-mesa0:amd64 (24.2.8-1ubuntu1~24.04.1, automatic), libenchant-2-2:amd64 (2.3.3-2build2, automatic), session-migration:amd64 (0.3.9build1, automatic), libpangoxft-1.0-0:amd64 (1.52.1+ds-1build1, automatic), libgtk-4-bin:amd64 (4.14.2+ds-1ubuntu2, automatic), libgtk-4-media-gstreamer:amd64 (4.14.2+ds-1ubuntu2, automatic), libxcb-shm0:amd64 (1.15-1ubuntu2, automatic), gir1.2-harfbuzz-0.0:amd64 (8.3.0-2build2, automatic), libgtk-3-0t64:amd64 (3.24.41-4ubuntu1.3, automatic), dconf-service:amd64 (0.40.0-4build2, automatic), libgl1:amd64 (1.7.0-1build1, automatic), libegl1:amd64 (1.7.0-1build1, automatic), libgstreamer-plugins-base1.0-0:amd64 (1.24.2-1ubuntu0.2, automatic), libtag1v5-vanilla:amd64 (1.13.1-1build1, automatic), libwayland-client0:amd64 (1.22.0-2.1build1, automatic), libgraphene-1.0-0:amd64 (1.10.8-3build2, automatic), xdg-dbus-proxy:amd64 (0.1.5-1build2, automatic), liblcms2-2:amd64 (2.14-2build1, automatic), libatk-bridge2.0-0t64:amd64 (2.52.0-1build1, automatic), libepoxy0:amd64 (1.5.10-1build1, automatic), libxcb-sync1:amd64 (1.15-1ubuntu2, automatic), at-spi2-common:amd64 (2.52.0-1build1, automatic), libavahi-client3:amd64 (0.8-13ubuntu6, automatic), glib-networking:amd64 (2.80.0-1build1, automatic), xdg-desktop-portal:amd64 (1.18.4-1ubuntu2.24.04.1, automatic), python3-gi-cairo:amd64 (3.48.2-1, automatic), libdrm-intel1:amd64 (2.4.122-1~ubuntu0.24.04.1, automatic), libxfixes3:amd64 (1:6.0.0-2build1, automatic), libxi6:amd64 (2:1.8.1-1build1, automatic), libxv1:amd64 (2:1.0.11-1.1build1, automatic), libxcb-xfixes0:amd64 (1.15-1ubuntu2, automatic), aspell:amd64 (0.60.8.1-1build1, automatic), libgdk-pixbuf2.0-common:amd64 (2.42.10+dfsg-3ubuntu3.1, automatic)
End-Date: 2025-04-23  12:11:17

Start-Date: 2025-04-23  12:14:25
Commandline: apt install glances
Install: python3-appdirs:amd64 (1.4.4-4, automatic), python3-fs:amd64 (2.4.16-3, automatic), python3-tk:amd64 (3.12.3-0ubuntu1, automatic), blt:amd64 (2.5.3+dfsg-7build1, automatic), fonts-lyx:amd64 (2.4.0~RC3-1build4, automatic), python3-unicodedata2:amd64 (15.1.0+ds-1build1, automatic), python3-matplotlib:amd64 (3.6.3-1ubuntu5, automatic), python3-websocket:amd64 (1.7.0-1, automatic), libblas3:amd64 (3.12.0-3build1.1, automatic), libjs-jquery-ui:amd64 (1.13.2+dfsg-1, automatic), glances:amd64 (3.4.0.3+dfsg-1), python3-contourpy:amd64 (1.0.7-2build1, automatic), libgfortran5:amd64 (14.2.0-4ubuntu2~24.04, automatic), unicode-data:amd64 (15.1.0-1, automatic), python3-decorator:amd64 (5.1.1-5, automatic), python3-pysmi:amd64 (0.3.4-1, automatic), tk8.6-blt2.5:amd64 (2.5.3+dfsg-7build1, automatic), libtk8.6:amd64 (8.6.14-1build1, automatic), libdouble-conversion3:amd64 (3.3.0-1build1, automatic), python3-scipy:amd64 (1.11.4-6build1, automatic), libxss1:amd64 (1:1.2.3-1build3, automatic), python3-sympy:amd64 (1.12-7, automatic), python3-fonttools:amd64 (4.46.0-1build2, automatic), python3-lxml:amd64 (5.2.1-1, automatic), python3-docker:amd64 (5.0.3-1ubuntu1.1, automatic), python3-psutil:amd64 (5.9.8-2build2, automatic), python3-soupsieve:amd64 (2.5-1, automatic), python3-bottle:amd64 (0.12.25-1, automatic), python3-numpy:amd64 (1:1.26.4+ds-6ubuntu1, automatic), python3-defusedxml:amd64 (0.7.1-2, automatic), libqhull-r8.0:amd64 (2020.2-6build1, automatic), python3-bs4:amd64 (4.12.3-1, automatic), python3-pil.imagetk:amd64 (10.2.0-1ubuntu1, automatic), python3-webencodings:amd64 (0.5.1-5, automatic), isympy3:amd64 (1.12-7, automatic), python-matplotlib-data:amd64 (3.6.3-1ubuntu5, automatic), python3-pycryptodome:amd64 (3.20.0+dfsg-1, automatic), python3-lz4:amd64 (4.0.2+dfsg-1build4, automatic), python3-influxdb:amd64 (5.3.1-6, automatic), libimagequant0:amd64 (2.18.0-1build1, automatic), python3-pil:amd64 (10.2.0-1ubuntu1, automatic), python3-ply:amd64 (3.11-6, automatic), python3-kiwisolver:amd64 (1.4.4-2build1, automatic), libopenjp2-7:amd64 (2.5.0-2ubuntu0.3, automatic), python3-mpmath:amd64 (1.2.1-3, automatic), python3-brotli:amd64 (1.1.0-2build2, automatic), python3-cycler:amd64 (0.11.0-2, automatic), liblbfgsb0:amd64 (3.0+dfsg.4-1build1, automatic), python3-ujson:amd64 (5.9.0-1build1, automatic), python3-cssselect:amd64 (1.2.0-2, automatic), lm-sensors:amd64 (1:3.6.0-9build1, automatic), python3-olefile:amd64 (0.46-3, automatic), python3-pystache:amd64 (0.6.0-1, automatic), libraqm0:amd64 (0.10.1-1build1, automatic), python3-html5lib:amd64 (1.1-6, automatic), python3-msgpack:amd64 (1.0.3-3build2, automatic), python3-ufolib2:amd64 (0.16.0+dfsg1-1, automatic), liblapack3:amd64 (3.12.0-3build1.1, automatic), python3-pysnmp4:amd64 (4.4.12-2, automatic), isympy-common:amd64 (1.12-7, automatic)
End-Date: 2025-04-23  12:15:01

Start-Date: 2025-04-23  13:49:14
Commandline: apt install net-tools
Install: net-tools:amd64 (2.10-0.1ubuntu4)
End-Date: 2025-04-23  13:49:17

Start-Date: 2025-04-24  15:34:16
Commandline: /usr/bin/unattended-upgrade
Install: linux-tools-6.8.0-1027-aws:amd64 (6.8.0-1027.29, automatic), linux-modules-6.8.0-1027-aws:amd64 (6.8.0-1027.29, automatic), linux-aws-headers-6.8.0-1027:amd64 (6.8.0-1027.29, automatic), linux-headers-6.8.0-1027-aws:amd64 (6.8.0-1027.29, automatic), linux-aws-tools-6.8.0-1027:amd64 (6.8.0-1027.29, automatic), linux-image-6.8.0-1027-aws:amd64 (6.8.0-1027.29, automatic)
Upgrade: linux-image-aws:amd64 (6.8.0-1026.28, 6.8.0-1027.29), linux-headers-aws:amd64 (6.8.0-1026.28, 6.8.0-1027.29), linux-aws:amd64 (6.8.0-1026.28, 6.8.0-1027.29)
End-Date: 2025-04-24  15:34:29

Start-Date: 2025-04-24  15:34:33
Commandline: /usr/bin/unattended-upgrade
Upgrade: linux-tools-common:amd64 (6.8.0-57.59, 6.8.0-58.60), linux-libc-dev:amd64 (6.8.0-57.59, 6.8.0-58.60)
End-Date: 2025-04-24  15:34:37

Start-Date: 2025-04-24  15:34:41
Commandline: /usr/bin/unattended-upgrade
Remove: linux-tools-6.8.0-1024-aws:amd64 (6.8.0-1024.26)
End-Date: 2025-04-24  15:34:42

Start-Date: 2025-04-24  15:34:44
Commandline: /usr/bin/unattended-upgrade
Remove: linux-modules-6.8.0-1024-aws:amd64 (6.8.0-1024.26), linux-image-6.8.0-1024-aws:amd64 (6.8.0-1024.26)
End-Date: 2025-04-24  15:34:46

Start-Date: 2025-04-24  15:34:48
Commandline: /usr/bin/unattended-upgrade
Remove: linux-aws-tools-6.8.0-1024:amd64 (6.8.0-1024.26)
End-Date: 2025-04-24  15:34:48

Start-Date: 2025-04-24  15:34:51
Commandline: /usr/bin/unattended-upgrade
Remove: linux-headers-6.8.0-1024-aws:amd64 (6.8.0-1024.26)
End-Date: 2025-04-24  15:34:51

Start-Date: 2025-04-24  15:34:53
Commandline: /usr/bin/unattended-upgrade
Remove: linux-aws-headers-6.8.0-1024:amd64 (6.8.0-1024.26)
End-Date: 2025-04-24  15:34:57

Start-Date: 2025-04-27  09:10:30
Commandline: /usr/bin/unattended-upgrade
Upgrade: libyelp0:amd64 (42.2-1build2, 42.2-1ubuntu0.24.04.1), yelp:amd64 (42.2-1build2, 42.2-1ubuntu0.24.04.1)
End-Date: 2025-04-27  09:10:34

Start-Date: 2025-04-27  09:10:37
Commandline: /usr/bin/unattended-upgrade
Upgrade: openssh-client:amd64 (1:9.6p1-3ubuntu13.8, 1:9.6p1-3ubuntu13.11), openssh-server:amd64 (1:9.6p1-3ubuntu13.8, 1:9.6p1-3ubuntu13.11), openssh-sftp-server:amd64 (1:9.6p1-3ubuntu13.8, 1:9.6p1-3ubuntu13.11)
End-Date: 2025-04-27  09:10:43

Start-Date: 2025-04-27  09:10:45
Commandline: /usr/bin/unattended-upgrade
Upgrade: libarchive13t64:amd64 (3.7.2-2ubuntu0.3, 3.7.2-2ubuntu0.4)
End-Date: 2025-04-27  09:10:47

Start-Date: 2025-04-27  09:10:49
Commandline: /usr/bin/unattended-upgrade
Upgrade: yelp-xsl:amd64 (42.1-2, 42.1-2ubuntu0.24.04.1)
End-Date: 2025-04-27  09:10:49
